// Jest Snapshot v1, https://goo.gl/fbAQLP

exports[`<DetectorBasicDetailsView /> spec renders the component 1`] = `
Object {
  "asFragment": [Function],
  "baseElement": <body>
    <div>
      <div
        class="euiPanel euiPanel--paddingMedium euiPanel--borderRadiusMedium euiPanel--plain euiPanel--hasShadow"
        style="padding-left: 0px; padding-right: 0px;"
      >
        <div
          class="euiFlexGroup euiFlexGroup--gutterLarge euiFlexGroup--alignItemsCenter euiFlexGroup--justifyContentSpaceBetween euiFlexGroup--directionRow euiFlexGroup--responsive"
          style="padding: 0px 10px;"
        >
          <div
            class="euiFlexItem"
          >
            <h3
              class="euiTitle euiTitle--medium"
            >
              Detector details
            </h3>
          </div>
          <div
            class="euiFlexItem euiFlexItem--flexGrowZero"
          >
            <div
              class="euiFlexGroup euiFlexGroup--gutterLarge euiFlexGroup--alignItemsCenter euiFlexGroup--justifyContentSpaceBetween euiFlexGroup--directionRow euiFlexGroup--responsive"
            >
              <div
                class="euiFlexItem"
              >
                <button
                  class="euiButton euiButton--primary"
                  data-test-subj="edit-detector-basic-details"
                  type="button"
                >
                  <span
                    class="euiButtonContent euiButton__content"
                  >
                    <span
                      class="euiButton__text"
                    >
                      Edit
                    </span>
                  </span>
                </button>
              </div>
            </div>
          </div>
        </div>
        <hr
          class="euiHorizontalRule euiHorizontalRule--full euiHorizontalRule--marginXSmall"
        />
        <div
          style="padding: 0px 10px;"
        >
          <div
            class="euiSpacer euiSpacer--l"
          />
          <div
            class="euiFlexGroup euiFlexGroup--gutterLarge euiFlexGroup--directionRow euiFlexGroup--responsive"
          >
            <div
              class="euiFlexItem euiFlexItem--flexGrowZero"
              style="min-width: 25%;"
            >
              <div
                class="euiFormRow"
                id="some_html_id-row"
              >
                <div
                  class="euiFormRow__labelWrapper"
                >
                  <label
                    class="euiFormLabel euiFormRow__label"
                    for="some_html_id"
                  >
                    <div
                      class="euiText euiText--medium"
                    >
                      <div
                        class="euiTextColor euiTextColor--subdued"
                      >
                        Detector name
                      </div>
                    </div>
                  </label>
                </div>
                <div
                  class="euiFormRow__fieldWrapper"
                >
                  <div
                    class="euiText euiText--medium"
                    data-test-subj="text-details-group-content-detector-name"
                    id="some_html_id"
                  >
                    detector_name
                  </div>
                </div>
              </div>
            </div>
            <div
              class="euiFlexItem euiFlexItem--flexGrowZero"
              style="min-width: 25%;"
            >
              <div
                class="euiFormRow"
                id="some_html_id-row"
              >
                <div
                  class="euiFormRow__labelWrapper"
                >
                  <label
                    class="euiFormLabel euiFormRow__label"
                    for="some_html_id"
                  >
                    <div
                      class="euiText euiText--medium"
                    >
                      <div
                        class="euiTextColor euiTextColor--subdued"
                      >
                        Log type
                      </div>
                    </div>
                  </label>
                </div>
                <div
                  class="euiFormRow__fieldWrapper"
                >
                  <div
                    class="euiText euiText--medium"
                    data-test-subj="text-details-group-content-log-type"
                    id="some_html_id"
                  >
                    detector_type
                  </div>
                </div>
              </div>
            </div>
            <div
              class="euiFlexItem euiFlexItem--flexGrowZero"
              style="min-width: 25%;"
            >
              <div
                class="euiFormRow"
                id="some_html_id-row"
              >
                <div
                  class="euiFormRow__labelWrapper"
                >
                  <label
                    class="euiFormLabel euiFormRow__label"
                    for="some_html_id"
                  >
                    <div
                      class="euiText euiText--medium"
                    >
                      <div
                        class="euiTextColor euiTextColor--subdued"
                      >
                        Data source
                      </div>
                    </div>
                  </label>
                </div>
                <div
                  class="euiFormRow__fieldWrapper"
                >
                  <div
                    class="euiText euiText--medium"
                    data-test-subj="text-details-group-content-data-source"
                    id="some_html_id"
                  >
                    .windows
                  </div>
                </div>
              </div>
            </div>
            <div
              class="euiFlexItem euiFlexItem--flexGrowZero"
              style="min-width: 25%;"
            >
              <div
                class="euiFormRow"
                id="some_html_id-row"
              >
                <div
                  class="euiFormRow__labelWrapper"
                >
                  <label
                    class="euiFormLabel euiFormRow__label"
                    for="some_html_id"
                  >
                    <div
                      class="euiText euiText--medium"
                    >
                      <div
                        class="euiTextColor euiTextColor--subdued"
                      >
                        Detector dashboard
                      </div>
                    </div>
                  </label>
                </div>
                <div
                  class="euiFormRow__fieldWrapper"
                >
                  <div
                    class="euiText euiText--medium"
                    data-test-subj="text-details-group-content-detector-dashboard"
                    id="some_html_id"
                  >
                    Not available for this log type
                  </div>
                </div>
              </div>
            </div>
          </div>
          <div
            class="euiSpacer euiSpacer--xl"
          />
          <div
            class="euiFlexGroup euiFlexGroup--gutterLarge euiFlexGroup--directionRow euiFlexGroup--responsive"
          >
            <div
              class="euiFlexItem euiFlexItem--flexGrowZero"
              style="min-width: 25%;"
            >
              <div
                class="euiFormRow"
                id="some_html_id-row"
              >
                <div
                  class="euiFormRow__labelWrapper"
                >
                  <label
                    class="euiFormLabel euiFormRow__label"
                    for="some_html_id"
                  >
                    <div
                      class="euiText euiText--medium"
                    >
                      <div
                        class="euiTextColor euiTextColor--subdued"
                      >
                        Description
                      </div>
                    </div>
                  </label>
                </div>
                <div
                  class="euiFormRow__fieldWrapper"
                >
                  <div
                    class="euiText euiText--medium"
                    data-test-subj="text-details-group-content-description"
                    id="some_html_id"
                  >
                    detectorDescription
                  </div>
                </div>
              </div>
            </div>
            <div
              class="euiFlexItem euiFlexItem--flexGrowZero"
              style="min-width: 25%;"
            >
              <div
                class="euiFormRow"
                id="some_html_id-row"
              >
                <div
                  class="euiFormRow__labelWrapper"
                >
                  <label
                    class="euiFormLabel euiFormRow__label"
                    for="some_html_id"
                  >
                    <div
                      class="euiText euiText--medium"
                    >
                      <div
                        class="euiTextColor euiTextColor--subdued"
                      >
                        Detector schedule
                      </div>
                    </div>
                  </label>
                </div>
                <div
                  class="euiFormRow__fieldWrapper"
                >
                  <div
                    class="euiText euiText--medium"
                    data-test-subj="text-details-group-content-detector-schedule"
                    id="some_html_id"
                  >
                    Every 1 minute
                  </div>
                </div>
              </div>
            </div>
            <div
              class="euiFlexItem euiFlexItem--flexGrowZero"
              style="min-width: 25%;"
            >
              <div
                class="euiFormRow"
                id="some_html_id-row"
              >
                <div
                  class="euiFormRow__labelWrapper"
                >
                  <label
                    class="euiFormLabel euiFormRow__label"
                    for="some_html_id"
                  >
                    <div
                      class="euiText euiText--medium"
                    >
                      <div
                        class="euiTextColor euiTextColor--subdued"
                      >
                        Created at
                      </div>
                    </div>
                  </label>
                </div>
                <div
                  class="euiFormRow__fieldWrapper"
                >
                  <div
                    class="euiText euiText--medium"
                    data-test-subj="text-details-group-content-created-at"
                    id="some_html_id"
                  >
                    2023-01-25T10:05
                  </div>
                </div>
              </div>
            </div>
            <div
              class="euiFlexItem euiFlexItem--flexGrowZero"
              style="min-width: 25%;"
            >
              <div
                class="euiFormRow"
                id="some_html_id-row"
              >
                <div
                  class="euiFormRow__labelWrapper"
                >
                  <label
                    class="euiFormLabel euiFormRow__label"
                    for="some_html_id"
                  >
                    <div
                      class="euiText euiText--medium"
                    >
                      <div
                        class="euiTextColor euiTextColor--subdued"
                      >
                        Last updated time
                      </div>
                    </div>
                  </label>
                </div>
                <div
                  class="euiFormRow__fieldWrapper"
                >
                  <div
                    class="euiText euiText--medium"
                    data-test-subj="text-details-group-content-last-updated-time"
                    id="some_html_id"
                  >
                    2023-01-25T10:05
                  </div>
                </div>
              </div>
            </div>
          </div>
          <div
            class="euiSpacer euiSpacer--xl"
          />
        </div>
      </div>
    </div>
  </body>,
  "container": <div>
    <div
      class="euiPanel euiPanel--paddingMedium euiPanel--borderRadiusMedium euiPanel--plain euiPanel--hasShadow"
      style="padding-left: 0px; padding-right: 0px;"
    >
      <div
        class="euiFlexGroup euiFlexGroup--gutterLarge euiFlexGroup--alignItemsCenter euiFlexGroup--justifyContentSpaceBetween euiFlexGroup--directionRow euiFlexGroup--responsive"
        style="padding: 0px 10px;"
      >
        <div
          class="euiFlexItem"
        >
          <h3
            class="euiTitle euiTitle--medium"
          >
            Detector details
          </h3>
        </div>
        <div
          class="euiFlexItem euiFlexItem--flexGrowZero"
        >
          <div
            class="euiFlexGroup euiFlexGroup--gutterLarge euiFlexGroup--alignItemsCenter euiFlexGroup--justifyContentSpaceBetween euiFlexGroup--directionRow euiFlexGroup--responsive"
          >
            <div
              class="euiFlexItem"
            >
              <button
                class="euiButton euiButton--primary"
                data-test-subj="edit-detector-basic-details"
                type="button"
              >
                <span
                  class="euiButtonContent euiButton__content"
                >
                  <span
                    class="euiButton__text"
                  >
                    Edit
                  </span>
                </span>
              </button>
            </div>
          </div>
        </div>
      </div>
      <hr
        class="euiHorizontalRule euiHorizontalRule--full euiHorizontalRule--marginXSmall"
      />
      <div
        style="padding: 0px 10px;"
      >
        <div
          class="euiSpacer euiSpacer--l"
        />
        <div
          class="euiFlexGroup euiFlexGroup--gutterLarge euiFlexGroup--directionRow euiFlexGroup--responsive"
        >
          <div
            class="euiFlexItem euiFlexItem--flexGrowZero"
            style="min-width: 25%;"
          >
            <div
              class="euiFormRow"
              id="some_html_id-row"
            >
              <div
                class="euiFormRow__labelWrapper"
              >
                <label
                  class="euiFormLabel euiFormRow__label"
                  for="some_html_id"
                >
                  <div
                    class="euiText euiText--medium"
                  >
                    <div
                      class="euiTextColor euiTextColor--subdued"
                    >
                      Detector name
                    </div>
                  </div>
                </label>
              </div>
              <div
                class="euiFormRow__fieldWrapper"
              >
                <div
                  class="euiText euiText--medium"
                  data-test-subj="text-details-group-content-detector-name"
                  id="some_html_id"
                >
                  detector_name
                </div>
              </div>
            </div>
          </div>
          <div
            class="euiFlexItem euiFlexItem--flexGrowZero"
            style="min-width: 25%;"
          >
            <div
              class="euiFormRow"
              id="some_html_id-row"
            >
              <div
                class="euiFormRow__labelWrapper"
              >
                <label
                  class="euiFormLabel euiFormRow__label"
                  for="some_html_id"
                >
                  <div
                    class="euiText euiText--medium"
                  >
                    <div
                      class="euiTextColor euiTextColor--subdued"
                    >
                      Log type
                    </div>
                  </div>
                </label>
              </div>
              <div
                class="euiFormRow__fieldWrapper"
              >
                <div
                  class="euiText euiText--medium"
                  data-test-subj="text-details-group-content-log-type"
                  id="some_html_id"
                >
                  detector_type
                </div>
              </div>
            </div>
          </div>
          <div
            class="euiFlexItem euiFlexItem--flexGrowZero"
            style="min-width: 25%;"
          >
            <div
              class="euiFormRow"
              id="some_html_id-row"
            >
              <div
                class="euiFormRow__labelWrapper"
              >
                <label
                  class="euiFormLabel euiFormRow__label"
                  for="some_html_id"
                >
                  <div
                    class="euiText euiText--medium"
                  >
                    <div
                      class="euiTextColor euiTextColor--subdued"
                    >
                      Data source
                    </div>
                  </div>
                </label>
              </div>
              <div
                class="euiFormRow__fieldWrapper"
              >
                <div
                  class="euiText euiText--medium"
                  data-test-subj="text-details-group-content-data-source"
                  id="some_html_id"
                >
                  .windows
                </div>
              </div>
            </div>
          </div>
          <div
            class="euiFlexItem euiFlexItem--flexGrowZero"
            style="min-width: 25%;"
          >
            <div
              class="euiFormRow"
              id="some_html_id-row"
            >
              <div
                class="euiFormRow__labelWrapper"
              >
                <label
                  class="euiFormLabel euiFormRow__label"
                  for="some_html_id"
                >
                  <div
                    class="euiText euiText--medium"
                  >
                    <div
                      class="euiTextColor euiTextColor--subdued"
                    >
                      Detector dashboard
                    </div>
                  </div>
                </label>
              </div>
              <div
                class="euiFormRow__fieldWrapper"
              >
                <div
                  class="euiText euiText--medium"
                  data-test-subj="text-details-group-content-detector-dashboard"
                  id="some_html_id"
                >
                  Not available for this log type
                </div>
              </div>
            </div>
          </div>
        </div>
        <div
          class="euiSpacer euiSpacer--xl"
        />
        <div
          class="euiFlexGroup euiFlexGroup--gutterLarge euiFlexGroup--directionRow euiFlexGroup--responsive"
        >
          <div
            class="euiFlexItem euiFlexItem--flexGrowZero"
            style="min-width: 25%;"
          >
            <div
              class="euiFormRow"
              id="some_html_id-row"
            >
              <div
                class="euiFormRow__labelWrapper"
              >
                <label
                  class="euiFormLabel euiFormRow__label"
                  for="some_html_id"
                >
                  <div
                    class="euiText euiText--medium"
                  >
                    <div
                      class="euiTextColor euiTextColor--subdued"
                    >
                      Description
                    </div>
                  </div>
                </label>
              </div>
              <div
                class="euiFormRow__fieldWrapper"
              >
                <div
                  class="euiText euiText--medium"
                  data-test-subj="text-details-group-content-description"
                  id="some_html_id"
                >
                  detectorDescription
                </div>
              </div>
            </div>
          </div>
          <div
            class="euiFlexItem euiFlexItem--flexGrowZero"
            style="min-width: 25%;"
          >
            <div
              class="euiFormRow"
              id="some_html_id-row"
            >
              <div
                class="euiFormRow__labelWrapper"
              >
                <label
                  class="euiFormLabel euiFormRow__label"
                  for="some_html_id"
                >
                  <div
                    class="euiText euiText--medium"
                  >
                    <div
                      class="euiTextColor euiTextColor--subdued"
                    >
                      Detector schedule
                    </div>
                  </div>
                </label>
              </div>
              <div
                class="euiFormRow__fieldWrapper"
              >
                <div
                  class="euiText euiText--medium"
                  data-test-subj="text-details-group-content-detector-schedule"
                  id="some_html_id"
                >
                  Every 1 minute
                </div>
              </div>
            </div>
          </div>
          <div
            class="euiFlexItem euiFlexItem--flexGrowZero"
            style="min-width: 25%;"
          >
            <div
              class="euiFormRow"
              id="some_html_id-row"
            >
              <div
                class="euiFormRow__labelWrapper"
              >
                <label
                  class="euiFormLabel euiFormRow__label"
                  for="some_html_id"
                >
                  <div
                    class="euiText euiText--medium"
                  >
                    <div
                      class="euiTextColor euiTextColor--subdued"
                    >
                      Created at
                    </div>
                  </div>
                </label>
              </div>
              <div
                class="euiFormRow__fieldWrapper"
              >
                <div
                  class="euiText euiText--medium"
                  data-test-subj="text-details-group-content-created-at"
                  id="some_html_id"
                >
                  2023-01-25T10:05
                </div>
              </div>
            </div>
          </div>
          <div
            class="euiFlexItem euiFlexItem--flexGrowZero"
            style="min-width: 25%;"
          >
            <div
              class="euiFormRow"
              id="some_html_id-row"
            >
              <div
                class="euiFormRow__labelWrapper"
              >
                <label
                  class="euiFormLabel euiFormRow__label"
                  for="some_html_id"
                >
                  <div
                    class="euiText euiText--medium"
                  >
                    <div
                      class="euiTextColor euiTextColor--subdued"
                    >
                      Last updated time
                    </div>
                  </div>
                </label>
              </div>
              <div
                class="euiFormRow__fieldWrapper"
              >
                <div
                  class="euiText euiText--medium"
                  data-test-subj="text-details-group-content-last-updated-time"
                  id="some_html_id"
                >
                  2023-01-25T10:05
                </div>
              </div>
            </div>
          </div>
        </div>
        <div
          class="euiSpacer euiSpacer--xl"
        />
      </div>
    </div>
  </div>,
  "debug": [Function],
  "findAllByAltText": [Function],
  "findAllByDisplayValue": [Function],
  "findAllByLabelText": [Function],
  "findAllByPlaceholderText": [Function],
  "findAllByRole": [Function],
  "findAllByTestId": [Function],
  "findAllByText": [Function],
  "findAllByTitle": [Function],
  "findByAltText": [Function],
  "findByDisplayValue": [Function],
  "findByLabelText": [Function],
  "findByPlaceholderText": [Function],
  "findByRole": [Function],
  "findByTestId": [Function],
  "findByText": [Function],
  "findByTitle": [Function],
  "getAllByAltText": [Function],
  "getAllByDisplayValue": [Function],
  "getAllByLabelText": [Function],
  "getAllByPlaceholderText": [Function],
  "getAllByRole": [Function],
  "getAllByTestId": [Function],
  "getAllByText": [Function],
  "getAllByTitle": [Function],
  "getByAltText": [Function],
  "getByDisplayValue": [Function],
  "getByLabelText": [Function],
  "getByPlaceholderText": [Function],
  "getByRole": [Function],
  "getByTestId": [Function],
  "getByText": [Function],
  "getByTitle": [Function],
  "queryAllByAltText": [Function],
  "queryAllByDisplayValue": [Function],
  "queryAllByLabelText": [Function],
  "queryAllByPlaceholderText": [Function],
  "queryAllByRole": [Function],
  "queryAllByTestId": [Function],
  "queryAllByText": [Function],
  "queryAllByTitle": [Function],
  "queryByAltText": [Function],
  "queryByDisplayValue": [Function],
  "queryByLabelText": [Function],
  "queryByPlaceholderText": [Function],
  "queryByRole": [Function],
  "queryByTestId": [Function],
  "queryByText": [Function],
  "queryByTitle": [Function],
  "rerender": [Function],
  "unmount": [Function],
}
`;
